5:25:48 PM [vite] (client) Re-optimizing dependencies because vite config has changed
Port 3000 is in use, trying another one...

  VITE v6.4.3  ready in 5745 ms

  ➜  Local:   http://localhost:3001/
  ➜  Network: use --host to expose
  ➜  press h + enter to show help
5:30:38 PM [vite] (client) page reload src/game/HUD.ts
6:00:19 PM [vite] src/game/content/characters/characterContentModulesPlugin.ts changed, restarting server...
6:00:20 PM [vite] server restarted.
6:39:55 PM [vite] src/game/content/characters/characterContentModulesPlugin.ts changed, restarting server...
6:39:55 PM [vite] src/game/content/characters/characterContentModulesPlugin.ts changed, restarting server...
6:39:56 PM [vite] server restarted.
6:43:53 PM [vite] asset/assets.json changed, restarting server...
6:43:53 PM [vite] asset/assets.json changed, restarting server...
6:43:54 PM [vite] server restarted.
6:44:06 PM [vite] src/game/content/animations/animationContentModulesPlugin.ts changed, restarting server...
6:44:08 PM [vite] server restarted.
6:44:29 PM [vite] src/game/content/animations/animationContentModulesPlugin.ts changed, restarting server...
6:44:29 PM [vite] server restarted.
8:13:29 PM [vite] asset/assets.json changed, restarting server...
8:13:30 PM [vite] server restarted.
8:13:45 PM [vite] src/game/content/npcs/NpcDefinitions.ts changed, restarting server...
8:13:45 PM [vite] src/game/content/npcs/NpcDefinitions.ts changed, restarting server...
8:13:51 PM [vite] server restarted.
8:14:15 PM [vite] src/game/content/objects/ObjectCatalog.ts changed, restarting server...
8:14:16 PM [vite] server restarted.
