footstep.grass a-1: 0.30 s
footstep.grass a-2: 0.30 s
footstep.grass a-3: 0.30 s
footstep.grass a-4: 0.30 s
footstep.grass b-1: 0.30 s
footstep.grass b-2: 0.15 s
footstep.grass b-3: 0.22 s
footstep.grass b-4: 0.30 s
footstep.grass r2-1: 0.45 s
footstep.grass r2-2: 0.45 s
footstep.grass r2-3: 0.45 s
footstep.forest a-1: 0.12 s
footstep.forest a-2: 0.30 s
footstep.forest a-3: 0.30 s
footstep.forest a-4: 0.13 s
footstep.forest b-1: 0.21 s
footstep.forest b-2: 0.26 s
footstep.forest b-3: 0.20 s
footstep.forest b-4: 0.20 s
footstep.forest r2-1: 0.45 s
footstep.forest r2-2: 0.45 s
footstep.forest r2-3: 0.45 s
footstep.leaves a-1: 0.30 s
footstep.leaves a-2: 0.26 s
footstep.leaves a-3: 0.30 s
footstep.leaves a-4: 0.30 s
footstep.leaves b-1: 0.21 s
footstep.leaves b-2: 0.24 s
footstep.leaves b-3: 0.30 s
footstep.leaves b-4: 0.10 s
footstep.sand a-1: 0.30 s
footstep.sand a-2: 0.30 s
footstep.sand a-3: 0.30 s
footstep.sand a-4: 0.30 s
footstep.sand b-1: 0.30 s
footstep.sand b-2: 0.30 s
footstep.sand b-3: 0.28 s
footstep.sand b-4: 0.23 s
footstep.sand r2-1: 0.45 s
footstep.sand r2-2: 0.45 s
footstep.sand r2-3: 0.45 s
footstep.snow a-1: 0.30 s
footstep.snow a-2: 0.30 s
footstep.snow a-3: 0.28 s
footstep.snow a-4: 0.25 s
footstep.snow b-1: 0.30 s
footstep.snow b-2: 0.30 s
footstep.snow b-3: 0.20 s
footstep.snow b-4: 0.21 s
footstep.snow r2-1: 0.45 s
footstep.snow r2-2: 0.45 s
footstep.snow r2-3: 0.45 s
footstep.stone a-1: 0.11 s
footstep.stone a-2: 0.10 s
footstep.stone a-3: 0.10 s
footstep.stone a-4: 0.11 s
footstep.stone b-1: 0.28 s
footstep.stone b-2: 0.29 s
footstep.stone b-3: 0.21 s
footstep.stone b-4: 0.30 s
footstep.stone r2-1: 0.45 s
footstep.stone r2-2: 0.45 s
footstep.stone r2-3: 0.45 s
footstep.cave a-1: 0.33 s
footstep.cave a-2: 0.32 s
footstep.cave a-3: 0.39 s
footstep.cave a-4: 0.35 s
footstep.cave b-1: 0.40 s
footstep.cave b-2: 0.40 s
footstep.cave b-3: 0.40 s
footstep.cave b-4: 0.40 s
footstep.crystal a-1: 0.34 s
footstep.crystal a-2: 0.39 s
footstep.crystal a-3: 0.33 s
footstep.crystal a-4: 0.18 s
footstep.crystal b-1: 0.39 s
footstep.crystal b-2: 0.29 s
footstep.crystal b-3: 0.39 s
footstep.crystal b-4: 0.14 s
footstep.wood a-1: 0.14 s
footstep.wood a-2: 0.20 s
footstep.wood a-3: 0.20 s
footstep.wood a-4: 0.16 s
footstep.wood b-1: 0.25 s
footstep.wood b-2: 0.17 s
footstep.wood b-3: 0.16 s
footstep.wood b-4: 0.27 s
footstep.soft a-1: 0.23 s
footstep.soft a-2: 0.29 s
footstep.soft a-3: 0.30 s
footstep.soft a-4: 0.30 s
footstep.soft b-1: 0.14 s
footstep.soft b-2: 0.14 s
footstep.soft b-3: 0.26 s
footstep.soft b-4: 0.23 s
footstep.water a-1: 0.45 s
footstep.water a-2: 0.41 s
footstep.water a-3: 0.35 s
footstep.water a-4: 0.39 s
footstep.water b-1: 0.35 s
footstep.water b-2: 0.19 s
footstep.water b-3: 0.34 s
footstep.water b-4: 0.45 s
footstep.water r2-1: 0.21 s
footstep.water r2-2: 0.23 s
player.water-enter a-1: 0.90 s
player.water-enter a-2: 0.85 s
player.water-enter a-3: 0.56 s
player.water-enter b-1: 0.56 s
player.water-enter b-2: 0.40 s
player.water-enter b-3: 0.14 s
player.water-exit a-1: 1.00 s
player.water-exit a-2: 1.00 s
player.water-exit a-3: 1.00 s
player.water-exit b-1: 1.00 s
player.water-exit b-2: 0.23 s
player.water-exit b-3: 0.37 s
player.swim-enter a-1: 1.20 s
player.swim-enter a-2: 1.20 s
player.swim-enter a-3: 1.14 s
player.swim-enter b-1: 0.83 s
player.swim-enter b-2: 0.37 s
player.swim-enter b-3: 0.91 s
player.swim-stroke a-1: 0.45 s
player.swim-stroke a-2: 0.45 s
player.swim-stroke a-3: 0.45 s
player.swim-stroke a-4: 0.45 s
player.swim-stroke b-1: 0.45 s
player.swim-stroke b-2: 0.45 s
player.swim-stroke b-3: 0.45 s
player.swim-stroke b-4: 0.45 s
player.gulp-transform a-1: 1.32 s
player.gulp-transform a-2: 1.36 s
player.gulp-transform a-3: 1.40 s
player.gulp-transform b-1: 0.81 s
player.gulp-transform b-2: 1.06 s
player.gulp-transform b-3: 1.04 s
player.gulp-wear-off a-1: 1.40 s
player.gulp-wear-off a-2: 0.80 s
player.gulp-wear-off a-3: 0.91 s
player.gulp-wear-off b-1: 0.42 s
player.gulp-wear-off b-2: 0.42 s
player.gulp-wear-off b-3: 0.31 s
player.burp a-1: 0.58 s
player.burp a-2: 0.80 s
player.burp a-3: 0.76 s
player.burp b-1: 0.72 s
player.burp b-2: 0.66 s
player.burp b-3: 0.80 s
player.lash-catch a-1: 0.54 s
player.lash-catch a-2: 0.53 s
player.lash-catch a-3: 0.42 s
player.lash-catch b-1: 0.15 s
player.lash-catch b-2: 0.45 s
player.lash-catch b-3: 0.40 s
player.lash-miss a-1: 0.70 s
player.lash-miss a-2: 0.70 s
player.lash-miss a-3: 0.70 s
player.lash-miss b-1: 0.65 s
player.lash-miss b-2: 0.32 s
player.lash-miss b-3: 0.28 s
player.fall a-1: 0.64 s
player.fall a-2: 0.66 s
player.fall a-3: 0.76 s
player.fall b-1: 0.16 s
player.fall b-2: 1.35 s
player.fall b-3: 1.22 s
world.plate-press a-1: 0.80 s
world.plate-press a-2: 0.80 s
world.plate-press a-3: 0.80 s
world.plate-press b-1: 0.80 s
world.plate-press b-2: 0.47 s
world.plate-press b-3: 0.72 s
world.plate-release a-1: 0.22 s
world.plate-release a-2: 0.60 s
world.plate-release a-3: 0.50 s
world.plate-release b-1: 0.41 s
world.plate-release b-2: 0.60 s
world.plate-release b-3: 0.48 s
world.gate-open a-1: 2.20 s
world.gate-open a-2: 2.20 s
world.gate-open a-3: 2.20 s
world.gate-open b-1: 0.76 s
world.gate-open b-2: 0.72 s
world.gate-open b-3: 0.88 s
world.door a-1: 0.36 s
world.door a-2: 0.43 s
world.door a-3: 0.87 s
world.door b-1: 0.49 s
world.door b-2: 0.46 s
world.door b-3: 0.51 s
world.dummy-hit a-1: 0.70 s
world.dummy-hit a-2: 0.53 s
world.dummy-hit a-3: 0.47 s
world.dummy-hit b-1: 0.44 s
world.dummy-hit b-2: 0.29 s
world.dummy-hit b-3: 0.33 s
world.ground-creak a-1: 0.97 s
world.ground-creak a-2: 1.40 s
world.ground-creak a-3: 1.40 s
world.ground-creak b-1: 1.34 s
world.ground-creak b-2: 0.97 s
world.ground-creak b-3: 1.40 s
ui.talk-blip a-1: 0.12 s
ui.talk-blip a-2: 0.12 s
ui.talk-blip a-3: 0.12 s
ui.talk-blip b-1: 0.06 s
ui.talk-blip b-2: 0.07 s
ui.talk-blip b-3: 0.06 s
ui.talk-blip b-4: 0.06 s
world.gate-unlock e-1: 0.88 s
world.gate-locked e-1: 0.47 s
player.coin e-1: 0.71 s
player.coin e-2: 0.31 s
resource.drop-pop e-1: 0.08 s
resource.drop-pop e-2: 0.08 s
resource.drop-land e-1: 0.06 s
resource.drop-land e-2: 0.06 s
player.potion-drink e-1: 0.45 s
player.web-struggle e-1: 0.52 s
player.sleep-breath e-1: 1.21 s
player.rested e-1: 0.81 s
weapon.hit-dull e-1: 0.11 s
weapon.hit-dull e-2: 0.10 s
weapon.hit-blocked e-1: 0.18 s
weapon.hit-blocked e-2: 0.14 s
world.save e-1: 0.49 s
ui.toast e-1: 0.14 s
ui.shell-menu e-1: 0.12 s
